---
http_interactions:
- request:
    method: get
    uri: https://api.themoviedb.org/3/movie/49051?api_key=<encrypted_key>
    body:
      encoding: US-ASCII
      string: ''
    headers:
      User-Agent:
      - Faraday v2.2.0
      Accept-Encoding:
      - gzip;q=1.0,deflate;q=0.6,identity;q=0.3
      Accept:
      - "*/*"
  response:
    status:
      code: 200
      message: OK
    headers:
      Content-Type:
      - application/json;charset=utf-8
      Transfer-Encoding:
      - chunked
      Connection:
      - keep-alive
      Date:
      - Fri, 04 Feb 2022 15:55:14 GMT
      Server:
      - openresty
      Access-Control-Allow-Origin:
      - "*"
      Access-Control-Allow-Methods:
      - GET, HEAD, POST, PUT, DELETE, OPTIONS
      Access-Control-Expose-Headers:
      - ETag, X-RateLimit-Limit, X-RateLimit-Remaining, X-RateLimit-Reset, Retry-After,
        Content-Length, Content-Range
      Cache-Control:
      - public, max-age=28800
      X-Memc:
      - HIT
      X-Memc-Key:
      - e510acb2656f169e116f00d463b6e31a95d1d3c4
      X-Memc-Age:
      - '1171'
      X-Memc-Expires:
      - '13876'
      Etag:
      - W/"720aa494ec4437364f5885135b426f99"
      Vary:
      - Accept-Encoding
      X-Cache:
      - Hit from cloudfront
      Via:
      - 1.1 cddde15c11afac53ac9fe7978dcfecd6.cloudfront.net (CloudFront)
      X-Amz-Cf-Pop:
      - DEN50-C2
      X-Amz-Cf-Id:
      - 7cP4p4_x9G5DXCBfS5yHI6AziCp4CRmPT2ME9C0WkjPozgi5fqaNaA==
      Age:
      - '6400'
    body:
      encoding: ASCII-8BIT
      string: '{"adult":false,"backdrop_path":"/gioXMobK8vbD6bcTsjKYKfgacNt.jpg","belongs_to_collection":{"id":121938,"name":"The
        Hobbit Collection","poster_path":"/gwHNIXA6YeYsI9XgX4g1UmLDCxo.jpg","backdrop_path":"/sLy2GcCPrZcMlfaSSvoGeThWXBA.jpg"},"budget":250000000,"genres":[{"id":12,"name":"Adventure"},{"id":14,"name":"Fantasy"},{"id":28,"name":"Action"}],"homepage":"http://www.thehobbit.com/","id":49051,"imdb_id":"tt0903624","original_language":"en","original_title":"The
        Hobbit: An Unexpected Journey","overview":"Bilbo Baggins, a hobbit enjoying
        his quiet life, is swept into an epic quest by Gandalf the Grey and thirteen
        dwarves who seek to reclaim their mountain home from Smaug, the dragon.","popularity":127.533,"poster_path":"/yHA9Fc37VmpUA5UncTxxo3rTGVA.jpg","production_companies":[{"id":174,"logo_path":"/IuAlhI9eVC9Z8UQWOIDdWRKSEJ.png","name":"Warner
        Bros. Pictures","origin_country":"US"},{"id":21,"logo_path":"/aOWKh4gkNrfFZ3Ep7n0ckPhoGb5.png","name":"Metro-Goldwyn-Mayer","origin_country":"US"},{"id":12,"logo_path":"/iaYpEp3LQmb8AfAtmTvpqd4149c.png","name":"New
        Line Cinema","origin_country":"US"},{"id":11,"logo_path":"/6FAuASQHybRkZUk08p9PzSs9ezM.png","name":"WingNut
        Films","origin_country":"NZ"}],"production_countries":[{"iso_3166_1":"NZ","name":"New
        Zealand"},{"iso_3166_1":"US","name":"United States of America"}],"release_date":"2012-11-26","revenue":1021103568,"runtime":169,"spoken_languages":[{"english_name":"English","iso_639_1":"en","name":"English"}],"status":"Released","tagline":"From
        the smallest beginnings come the greatest legends.","title":"The Hobbit: An
        Unexpected Journey","video":false,"vote_average":7.3,"vote_count":15625}'
  recorded_at: Fri, 04 Feb 2022 17:41:54 GMT
- request:
    method: get
    uri: https://api.themoviedb.org/3/movie/49051?api_key=<encrypted_key>
    body:
      encoding: US-ASCII
      string: ''
    headers:
      User-Agent:
      - Faraday v2.2.0
      Accept-Encoding:
      - gzip;q=1.0,deflate;q=0.6,identity;q=0.3
      Accept:
      - "*/*"
  response:
    status:
      code: 200
      message: OK
    headers:
      Content-Type:
      - application/json;charset=utf-8
      Transfer-Encoding:
      - chunked
      Connection:
      - keep-alive
      Date:
      - Fri, 04 Feb 2022 15:55:14 GMT
      Server:
      - openresty
      Access-Control-Allow-Origin:
      - "*"
      Access-Control-Allow-Methods:
      - GET, HEAD, POST, PUT, DELETE, OPTIONS
      Access-Control-Expose-Headers:
      - ETag, X-RateLimit-Limit, X-RateLimit-Remaining, X-RateLimit-Reset, Retry-After,
        Content-Length, Content-Range
      Cache-Control:
      - public, max-age=28800
      X-Memc:
      - HIT
      X-Memc-Key:
      - e510acb2656f169e116f00d463b6e31a95d1d3c4
      X-Memc-Age:
      - '1171'
      X-Memc-Expires:
      - '13876'
      Etag:
      - W/"720aa494ec4437364f5885135b426f99"
      Vary:
      - Accept-Encoding
      X-Cache:
      - Hit from cloudfront
      Via:
      - 1.1 23d87d8c2ce38e34462e6c134d187eea.cloudfront.net (CloudFront)
      X-Amz-Cf-Pop:
      - DEN50-C2
      X-Amz-Cf-Id:
      - E7ADRA9ZDEgaKTLpVuH7NyutxYtJZPX8Yn_1MC-FfbJ_ox3dNfLR6g==
      Age:
      - '6400'
    body:
      encoding: ASCII-8BIT
      string: '{"adult":false,"backdrop_path":"/gioXMobK8vbD6bcTsjKYKfgacNt.jpg","belongs_to_collection":{"id":121938,"name":"The
        Hobbit Collection","poster_path":"/gwHNIXA6YeYsI9XgX4g1UmLDCxo.jpg","backdrop_path":"/sLy2GcCPrZcMlfaSSvoGeThWXBA.jpg"},"budget":250000000,"genres":[{"id":12,"name":"Adventure"},{"id":14,"name":"Fantasy"},{"id":28,"name":"Action"}],"homepage":"http://www.thehobbit.com/","id":49051,"imdb_id":"tt0903624","original_language":"en","original_title":"The
        Hobbit: An Unexpected Journey","overview":"Bilbo Baggins, a hobbit enjoying
        his quiet life, is swept into an epic quest by Gandalf the Grey and thirteen
        dwarves who seek to reclaim their mountain home from Smaug, the dragon.","popularity":127.533,"poster_path":"/yHA9Fc37VmpUA5UncTxxo3rTGVA.jpg","production_companies":[{"id":174,"logo_path":"/IuAlhI9eVC9Z8UQWOIDdWRKSEJ.png","name":"Warner
        Bros. Pictures","origin_country":"US"},{"id":21,"logo_path":"/aOWKh4gkNrfFZ3Ep7n0ckPhoGb5.png","name":"Metro-Goldwyn-Mayer","origin_country":"US"},{"id":12,"logo_path":"/iaYpEp3LQmb8AfAtmTvpqd4149c.png","name":"New
        Line Cinema","origin_country":"US"},{"id":11,"logo_path":"/6FAuASQHybRkZUk08p9PzSs9ezM.png","name":"WingNut
        Films","origin_country":"NZ"}],"production_countries":[{"iso_3166_1":"NZ","name":"New
        Zealand"},{"iso_3166_1":"US","name":"United States of America"}],"release_date":"2012-11-26","revenue":1021103568,"runtime":169,"spoken_languages":[{"english_name":"English","iso_639_1":"en","name":"English"}],"status":"Released","tagline":"From
        the smallest beginnings come the greatest legends.","title":"The Hobbit: An
        Unexpected Journey","video":false,"vote_average":7.3,"vote_count":15625}'
  recorded_at: Fri, 04 Feb 2022 17:41:54 GMT
- request:
    method: get
    uri: https://api.themoviedb.org/3/movie/49051?api_key=<encrypted_key>
    body:
      encoding: US-ASCII
      string: ''
    headers:
      User-Agent:
      - Faraday v2.2.0
      Accept-Encoding:
      - gzip;q=1.0,deflate;q=0.6,identity;q=0.3
      Accept:
      - "*/*"
  response:
    status:
      code: 200
      message: OK
    headers:
      Content-Type:
      - application/json;charset=utf-8
      Transfer-Encoding:
      - chunked
      Connection:
      - keep-alive
      Date:
      - Fri, 04 Feb 2022 15:55:14 GMT
      Server:
      - openresty
      Access-Control-Allow-Origin:
      - "*"
      Access-Control-Allow-Methods:
      - GET, HEAD, POST, PUT, DELETE, OPTIONS
      Access-Control-Expose-Headers:
      - ETag, X-RateLimit-Limit, X-RateLimit-Remaining, X-RateLimit-Reset, Retry-After,
        Content-Length, Content-Range
      Cache-Control:
      - public, max-age=28800
      X-Memc:
      - HIT
      X-Memc-Key:
      - e510acb2656f169e116f00d463b6e31a95d1d3c4
      X-Memc-Age:
      - '1171'
      X-Memc-Expires:
      - '13876'
      Etag:
      - W/"720aa494ec4437364f5885135b426f99"
      Vary:
      - Accept-Encoding
      X-Cache:
      - Hit from cloudfront
      Via:
      - 1.1 48ea53c7edffa2cdbdc32f7d94966344.cloudfront.net (CloudFront)
      X-Amz-Cf-Pop:
      - DEN50-C2
      X-Amz-Cf-Id:
      - S4HpDuTpRLnU_b__tXt2Un1ob-qRprFmbH3wxAkAfNtxo4uOEvKtbA==
      Age:
      - '6400'
    body:
      encoding: ASCII-8BIT
      string: '{"adult":false,"backdrop_path":"/gioXMobK8vbD6bcTsjKYKfgacNt.jpg","belongs_to_collection":{"id":121938,"name":"The
        Hobbit Collection","poster_path":"/gwHNIXA6YeYsI9XgX4g1UmLDCxo.jpg","backdrop_path":"/sLy2GcCPrZcMlfaSSvoGeThWXBA.jpg"},"budget":250000000,"genres":[{"id":12,"name":"Adventure"},{"id":14,"name":"Fantasy"},{"id":28,"name":"Action"}],"homepage":"http://www.thehobbit.com/","id":49051,"imdb_id":"tt0903624","original_language":"en","original_title":"The
        Hobbit: An Unexpected Journey","overview":"Bilbo Baggins, a hobbit enjoying
        his quiet life, is swept into an epic quest by Gandalf the Grey and thirteen
        dwarves who seek to reclaim their mountain home from Smaug, the dragon.","popularity":127.533,"poster_path":"/yHA9Fc37VmpUA5UncTxxo3rTGVA.jpg","production_companies":[{"id":174,"logo_path":"/IuAlhI9eVC9Z8UQWOIDdWRKSEJ.png","name":"Warner
        Bros. Pictures","origin_country":"US"},{"id":21,"logo_path":"/aOWKh4gkNrfFZ3Ep7n0ckPhoGb5.png","name":"Metro-Goldwyn-Mayer","origin_country":"US"},{"id":12,"logo_path":"/iaYpEp3LQmb8AfAtmTvpqd4149c.png","name":"New
        Line Cinema","origin_country":"US"},{"id":11,"logo_path":"/6FAuASQHybRkZUk08p9PzSs9ezM.png","name":"WingNut
        Films","origin_country":"NZ"}],"production_countries":[{"iso_3166_1":"NZ","name":"New
        Zealand"},{"iso_3166_1":"US","name":"United States of America"}],"release_date":"2012-11-26","revenue":1021103568,"runtime":169,"spoken_languages":[{"english_name":"English","iso_639_1":"en","name":"English"}],"status":"Released","tagline":"From
        the smallest beginnings come the greatest legends.","title":"The Hobbit: An
        Unexpected Journey","video":false,"vote_average":7.3,"vote_count":15625}'
  recorded_at: Fri, 04 Feb 2022 17:41:54 GMT
- request:
    method: get
    uri: https://api.themoviedb.org/3/movie/57021?api_key=<encrypted_key>
    body:
      encoding: US-ASCII
      string: ''
    headers:
      User-Agent:
      - Faraday v2.2.0
      Accept-Encoding:
      - gzip;q=1.0,deflate;q=0.6,identity;q=0.3
      Accept:
      - "*/*"
  response:
    status:
      code: 200
      message: OK
    headers:
      Content-Type:
      - application/json;charset=utf-8
      Transfer-Encoding:
      - chunked
      Connection:
      - keep-alive
      Server:
      - openresty
      Access-Control-Allow-Origin:
      - "*"
      Access-Control-Allow-Methods:
      - GET, HEAD, POST, PUT, DELETE, OPTIONS
      Access-Control-Expose-Headers:
      - ETag, X-RateLimit-Limit, X-RateLimit-Remaining, X-RateLimit-Reset, Retry-After,
        Content-Length, Content-Range
      X-Memc:
      - HIT
      X-Memc-Key:
      - ab8da8eb418a923d53b02dc8c5105908644d0c91
      X-Memc-Age:
      - '12236'
      X-Memc-Expires:
      - '3833'
      Date:
      - Fri, 04 Feb 2022 15:55:26 GMT
      Cache-Control:
      - public, max-age=28800
      Etag:
      - W/"aa7c8f9b4473475b512ab0635c995b60"
      Vary:
      - Accept-Encoding
      X-Cache:
      - Hit from cloudfront
      Via:
      - 1.1 7d885ba806a1846198f8b666005bec92.cloudfront.net (CloudFront)
      X-Amz-Cf-Pop:
      - DEN50-C2
      X-Amz-Cf-Id:
      - s0tEhhSmD7H_kzPOKUI-UnI-9gC1LjPugHbBBC2lQnbq7_mZB7KlhA==
      Age:
      - '6388'
    body:
      encoding: ASCII-8BIT
      string: '{"adult":false,"backdrop_path":null,"belongs_to_collection":null,"budget":0,"genres":[{"id":35,"name":"Comedy"},{"id":80,"name":"Crime"},{"id":10402,"name":"Music"},{"id":53,"name":"Thriller"}],"homepage":"http://www.meetthemobsters.com/","id":57021,"imdb_id":"tt0389053","original_language":"en","original_title":"Meet
        the Mobsters","overview":"Down-and-out lounge singer Johnny Slade is hired
        by a mystery man to open a hot new club, the catch being he''s given a new--and
        terrible--song to sing each night. Noticing that whenever he sings one a new
        crime is committed, Johnny gradually realizes his songwriter-benefactor is
        a powerful mob boss in hiding and his \"Greatest Hits\" are the only way the
        man can give orders to his crew...","popularity":2.148,"poster_path":"/6b6QDBVEvUsCOIxybgfzcyOb4Pw.jpg","production_companies":[],"production_countries":[],"release_date":"2005-08-10","revenue":0,"runtime":88,"spoken_languages":[{"english_name":"English","iso_639_1":"en","name":"English"},{"english_name":"German","iso_639_1":"de","name":"Deutsch"}],"status":"Released","tagline":"A
        little talent... can be a dangerous thing","title":"Meet the Mobsters","video":false,"vote_average":7.0,"vote_count":4}'
  recorded_at: Fri, 04 Feb 2022 17:41:54 GMT
- request:
    method: get
    uri: https://api.themoviedb.org/3/movie/57021?api_key=<encrypted_key>
    body:
      encoding: US-ASCII
      string: ''
    headers:
      User-Agent:
      - Faraday v2.2.0
      Accept-Encoding:
      - gzip;q=1.0,deflate;q=0.6,identity;q=0.3
      Accept:
      - "*/*"
  response:
    status:
      code: 200
      message: OK
    headers:
      Content-Type:
      - application/json;charset=utf-8
      Transfer-Encoding:
      - chunked
      Connection:
      - keep-alive
      Server:
      - openresty
      Access-Control-Allow-Origin:
      - "*"
      Access-Control-Allow-Methods:
      - GET, HEAD, POST, PUT, DELETE, OPTIONS
      Access-Control-Expose-Headers:
      - ETag, X-RateLimit-Limit, X-RateLimit-Remaining, X-RateLimit-Reset, Retry-After,
        Content-Length, Content-Range
      X-Memc:
      - HIT
      X-Memc-Key:
      - ab8da8eb418a923d53b02dc8c5105908644d0c91
      X-Memc-Age:
      - '12236'
      X-Memc-Expires:
      - '3833'
      Date:
      - Fri, 04 Feb 2022 15:55:26 GMT
      Cache-Control:
      - public, max-age=28800
      Etag:
      - W/"aa7c8f9b4473475b512ab0635c995b60"
      Vary:
      - Accept-Encoding
      X-Cache:
      - Hit from cloudfront
      Via:
      - 1.1 a44b9db7a2d103360945ab52619e5016.cloudfront.net (CloudFront)
      X-Amz-Cf-Pop:
      - DEN50-C2
      X-Amz-Cf-Id:
      - HXkaPrHRmeG8WfEqtrczjliyd-Q3rCZVdvt3Fw0T5q1ZuSG0L7e1fg==
      Age:
      - '6388'
    body:
      encoding: ASCII-8BIT
      string: '{"adult":false,"backdrop_path":null,"belongs_to_collection":null,"budget":0,"genres":[{"id":35,"name":"Comedy"},{"id":80,"name":"Crime"},{"id":10402,"name":"Music"},{"id":53,"name":"Thriller"}],"homepage":"http://www.meetthemobsters.com/","id":57021,"imdb_id":"tt0389053","original_language":"en","original_title":"Meet
        the Mobsters","overview":"Down-and-out lounge singer Johnny Slade is hired
        by a mystery man to open a hot new club, the catch being he''s given a new--and
        terrible--song to sing each night. Noticing that whenever he sings one a new
        crime is committed, Johnny gradually realizes his songwriter-benefactor is
        a powerful mob boss in hiding and his \"Greatest Hits\" are the only way the
        man can give orders to his crew...","popularity":2.148,"poster_path":"/6b6QDBVEvUsCOIxybgfzcyOb4Pw.jpg","production_companies":[],"production_countries":[],"release_date":"2005-08-10","revenue":0,"runtime":88,"spoken_languages":[{"english_name":"English","iso_639_1":"en","name":"English"},{"english_name":"German","iso_639_1":"de","name":"Deutsch"}],"status":"Released","tagline":"A
        little talent... can be a dangerous thing","title":"Meet the Mobsters","video":false,"vote_average":7.0,"vote_count":4}'
  recorded_at: Fri, 04 Feb 2022 17:41:54 GMT
- request:
    method: get
    uri: https://api.themoviedb.org/3/movie/57021?api_key=<encrypted_key>
    body:
      encoding: US-ASCII
      string: ''
    headers:
      User-Agent:
      - Faraday v2.2.0
      Accept-Encoding:
      - gzip;q=1.0,deflate;q=0.6,identity;q=0.3
      Accept:
      - "*/*"
  response:
    status:
      code: 200
      message: OK
    headers:
      Content-Type:
      - application/json;charset=utf-8
      Transfer-Encoding:
      - chunked
      Connection:
      - keep-alive
      Server:
      - openresty
      Access-Control-Allow-Origin:
      - "*"
      Access-Control-Allow-Methods:
      - GET, HEAD, POST, PUT, DELETE, OPTIONS
      Access-Control-Expose-Headers:
      - ETag, X-RateLimit-Limit, X-RateLimit-Remaining, X-RateLimit-Reset, Retry-After,
        Content-Length, Content-Range
      X-Memc:
      - HIT
      X-Memc-Key:
      - ab8da8eb418a923d53b02dc8c5105908644d0c91
      X-Memc-Age:
      - '12236'
      X-Memc-Expires:
      - '3833'
      Date:
      - Fri, 04 Feb 2022 15:55:26 GMT
      Cache-Control:
      - public, max-age=28800
      Etag:
      - W/"aa7c8f9b4473475b512ab0635c995b60"
      Vary:
      - Accept-Encoding
      X-Cache:
      - Hit from cloudfront
      Via:
      - 1.1 7d885ba806a1846198f8b666005bec92.cloudfront.net (CloudFront)
      X-Amz-Cf-Pop:
      - DEN50-C2
      X-Amz-Cf-Id:
      - AuhnsLtvNMoopEYLtJCYNJhShr6gdDgzJNgNdSCV-7m8MmliN0vwdg==
      Age:
      - '6388'
    body:
      encoding: ASCII-8BIT
      string: '{"adult":false,"backdrop_path":null,"belongs_to_collection":null,"budget":0,"genres":[{"id":35,"name":"Comedy"},{"id":80,"name":"Crime"},{"id":10402,"name":"Music"},{"id":53,"name":"Thriller"}],"homepage":"http://www.meetthemobsters.com/","id":57021,"imdb_id":"tt0389053","original_language":"en","original_title":"Meet
        the Mobsters","overview":"Down-and-out lounge singer Johnny Slade is hired
        by a mystery man to open a hot new club, the catch being he''s given a new--and
        terrible--song to sing each night. Noticing that whenever he sings one a new
        crime is committed, Johnny gradually realizes his songwriter-benefactor is
        a powerful mob boss in hiding and his \"Greatest Hits\" are the only way the
        man can give orders to his crew...","popularity":2.148,"poster_path":"/6b6QDBVEvUsCOIxybgfzcyOb4Pw.jpg","production_companies":[],"production_countries":[],"release_date":"2005-08-10","revenue":0,"runtime":88,"spoken_languages":[{"english_name":"English","iso_639_1":"en","name":"English"},{"english_name":"German","iso_639_1":"de","name":"Deutsch"}],"status":"Released","tagline":"A
        little talent... can be a dangerous thing","title":"Meet the Mobsters","video":false,"vote_average":7.0,"vote_count":4}'
  recorded_at: Fri, 04 Feb 2022 17:41:54 GMT
recorded_with: VCR 6.0.0
